Component: ARM Compiler 5.06 update 6 (build 750) Tool: armlink [4d35ed]

==============================================================================

Section Cross References

    main.o(i.main) refers to led_lpc43xx.o(i.LED_Initialize) for LED_Initialize
    main.o(i.main) refers to led_lpc43xx.o(i.LED_On) for LED_On
    main.o(i.main) refers to led_lpc43xx.o(i.LED_Off) for LED_Off
    startup_lpc43xx.o(RESET) refers to startup_lpc43xx.o(STACK) for __initial_sp
    startup_lpc43xx.o(RESET) refers to startup_lpc43xx.o(.text) for Reset_Handler
    startup_lpc43xx.o(.text) refers to system_lpc43xx.o(i.SystemInit) for SystemInit
    startup_lpc43xx.o(.text) refers to entry.o(.ARM.Collect$$$$00000000) for __main
    system_lpc43xx.o(i.GetClockFreq) refers to system_lpc43xx.o(i.GetPLL1Param) for GetPLL1Param
    system_lpc43xx.o(i.GetClockFreq) refers to system_lpc43xx.o(i.GetClkSel) for GetClkSel
    system_lpc43xx.o(i.SystemCoreClockUpdate) refers to system_lpc43xx.o(i.GetClockFreq) for GetClockFreq
    system_lpc43xx.o(i.SystemCoreClockUpdate) refers to system_lpc43xx.o(.data) for SystemCoreClock
    system_lpc43xx.o(i.SystemInit) refers to system_lpc43xx.o(i.SetClock) for SetClock
    system_lpc43xx.o(i.SystemInit) refers to system_lpc43xx.o(i.SystemCoreClockUpdate) for SystemCoreClockUpdate
    system_lpc43xx.o(i.SystemInit) refers to system_lpc43xx.o(i.SystemInit_ExtMemCtl) for SystemInit_ExtMemCtl
    system_lpc43xx.o(i.SystemInit) refers to startup_lpc43xx.o(RESET) for __Vectors
    system_lpc43xx.o(i.SystemInit_ExtMemCtl) refers to uldiv.o(.text) for __aeabi_uldivmod
    system_lpc43xx.o(i.SystemInit_ExtMemCtl) refers to system_lpc43xx.o(i.WaitUs) for WaitUs
    system_lpc43xx.o(i.SystemInit_ExtMemCtl) refers to system_lpc43xx.o(.data) for SystemCoreClock
    system_lpc43xx.o(i.SystemInit_ExtMemCtl) refers to system_lpc43xx.o(.constdata) for emcdivby2_opc
    system_lpc43xx.o(i.WaitUs) refers to uldiv.o(.text) for __aeabi_uldivmod
    system_lpc43xx.o(i.WaitUs) refers to system_lpc43xx.o(.data) for SystemCoreClock
    gpio_lpc43xx.o(i.GPIO_PortClock) refers to system_lpc43xx.o(.data) for SystemCoreClock
    led_lpc43xx.o(i.LED_Initialize) refers to gpio_lpc43xx.o(i.GPIO_PortClock) for GPIO_PortClock
    led_lpc43xx.o(i.LED_Initialize) refers to scu_lpc43xx.o(i.SCU_PinConfigure) for SCU_PinConfigure
    led_lpc43xx.o(i.LED_Initialize) refers to gpio_lpc43xx.o(i.GPIO_SetDir) for GPIO_SetDir
    led_lpc43xx.o(i.LED_Initialize) refers to gpio_lpc43xx.o(i.GPIO_PinWrite) for GPIO_PinWrite
    led_lpc43xx.o(i.LED_Initialize) refers to led_lpc43xx.o(.constdata) for LED_PIN
    led_lpc43xx.o(i.LED_Off) refers to gpio_lpc43xx.o(i.GPIO_PinWrite) for GPIO_PinWrite
    led_lpc43xx.o(i.LED_Off) refers to led_lpc43xx.o(.constdata) for LED_GPIO
    led_lpc43xx.o(i.LED_On) refers to gpio_lpc43xx.o(i.GPIO_PinWrite) for GPIO_PinWrite
    led_lpc43xx.o(i.LED_On) refers to led_lpc43xx.o(.constdata) for LED_GPIO
    led_lpc43xx.o(i.LED_SetOut) refers to led_lpc43xx.o(i.LED_On) for LED_On
    led_lpc43xx.o(i.LED_SetOut) refers to led_lpc43xx.o(i.LED_Off) for LED_Off
    led_lpc43xx.o(i.LED_Uninitialize) refers to scu_lpc43xx.o(i.SCU_PinConfigure) for SCU_PinConfigure
    led_lpc43xx.o(i.LED_Uninitialize) refers to led_lpc43xx.o(.constdata) for LED_PIN
    entry.o(.ARM.Collect$$$$00000000) refers (Special) to entry10a.o(.ARM.Collect$$$$0000000D) for __rt_final_cpp
    entry.o(.ARM.Collect$$$$00000000) refers (Special) to entry11a.o(.ARM.Collect$$$$0000000F) for __rt_final_exit
    entry.o(.ARM.Collect$$$$00000000) refers (Special) to entry7b.o(.ARM.Collect$$$$00000008) for _main_clock
    entry.o(.ARM.Collect$$$$00000000) refers (Special) to entry8b.o(.ARM.Collect$$$$0000000A) for _main_cpp_init
    entry.o(.ARM.Collect$$$$00000000) refers (Special) to entry9a.o(.ARM.Collect$$$$0000000B) for _main_init
    entry.o(.ARM.Collect$$$$00000000) refers (Special) to entry5.o(.ARM.Collect$$$$00000004) for _main_scatterload
    entry.o(.ARM.Collect$$$$00000000) refers (Special) to entry2.o(.ARM.Collect$$$$00000001) for _main_stk
    uldiv.o(.text) refers to llushr.o(.text) for __aeabi_llsr
    uldiv.o(.text) refers to llshl.o(.text) for __aeabi_llsl
    entry2.o(.ARM.Collect$$$$00000001) refers to entry2.o(.ARM.Collect$$$$00002712) for __lit__00000000
    entry2.o(.ARM.Collect$$$$00002712) refers to startup_lpc43xx.o(STACK) for __initial_sp
    entry2.o(__vectab_stack_and_reset_area) refers to startup_lpc43xx.o(STACK) for __initial_sp
    entry2.o(__vectab_stack_and_reset_area) refers to entry.o(.ARM.Collect$$$$00000000) for __main
    entry5.o(.ARM.Collect$$$$00000004) refers to init.o(.text) for __scatterload
    entry9a.o(.ARM.Collect$$$$0000000B) refers to main.o(i.main) for main
    entry9b.o(.ARM.Collect$$$$0000000C) refers to main.o(i.main) for main
    init.o(.text) refers to entry5.o(.ARM.Collect$$$$00000004) for __main_after_scatterload


==============================================================================

Removing Unused input sections from the image.

    Removing main.o(.rev16_text), (4 bytes).
    Removing main.o(.revsh_text), (4 bytes).
    Removing main.o(.rrx_text), (6 bytes).
    Removing startup_lpc43xx.o(HEAP), (0 bytes).
    Removing system_lpc43xx.o(.rev16_text), (4 bytes).
    Removing system_lpc43xx.o(.revsh_text), (4 bytes).
    Removing system_lpc43xx.o(.rrx_text), (6 bytes).
    Removing system_lpc43xx.o(i.MeasureFreq), (100 bytes).
    Removing gpio_lpc43xx.o(.rev16_text), (4 bytes).
    Removing gpio_lpc43xx.o(.revsh_text), (4 bytes).
    Removing gpio_lpc43xx.o(.rrx_text), (6 bytes).
    Removing gpio_lpc43xx.o(i.GPIO_PinRead), (28 bytes).
    Removing gpio_lpc43xx.o(i.GPIO_PortRead), (16 bytes).
    Removing gpio_lpc43xx.o(i.GPIO_PortWrite), (28 bytes).
    Removing led_lpc43xx.o(.rev16_text), (4 bytes).
    Removing led_lpc43xx.o(.revsh_text), (4 bytes).
    Removing led_lpc43xx.o(.rrx_text), (6 bytes).
    Removing led_lpc43xx.o(i.LED_GetCount), (4 bytes).
    Removing led_lpc43xx.o(i.LED_SetOut), (40 bytes).
    Removing led_lpc43xx.o(i.LED_Uninitialize), (40 bytes).
    Removing scu_lpc43xx.o(.rev16_text), (4 bytes).
    Removing scu_lpc43xx.o(.revsh_text), (4 bytes).
    Removing scu_lpc43xx.o(.rrx_text), (6 bytes).
    Removing scu_lpc43xx.o(i.SCU_ADC_ChannelPinConfigure), (72 bytes).
    Removing scu_lpc43xx.o(i.SCU_CLK_PinConfigure), (28 bytes).
    Removing scu_lpc43xx.o(i.SCU_DAC_PinConfigure), (48 bytes).
    Removing scu_lpc43xx.o(i.SCU_I2C_PinConfigure), (48 bytes).
    Removing scu_lpc43xx.o(i.SCU_PinInterruptSourceSelect), (116 bytes).
    Removing scu_lpc43xx.o(i.SCU_USB1_PinConfigure), (16 bytes).

29 unused section(s) (total 654 bytes) removed from the image.

==============================================================================

Adding Veneers to the image

    Adding TT veneer (10 bytes, Long) for call to '__aeabi_llsl' from uldiv.o(.text).
    Adding TT veneer (10 bytes, Long) for call to 'SystemCoreClockUpdate' from system_lpc43xx.o(i.SystemInit).
    Adding TT veneer (10 bytes, Long) for call to 'SystemInit_ExtMemCtl' from system_lpc43xx.o(i.SystemInit).
    Adding TT veneer (10 bytes, Long) for call to 'LED_Initialize' from main.o(i.main).
    Adding TT veneer (10 bytes, Long) for call to 'GetClkSel' from system_lpc43xx.o(i.GetClockFreq).
    Adding TT veneer (10 bytes, Long) for call to 'GPIO_PinWrite' from led_lpc43xx.o(i.LED_Initialize).
    Adding TT veneer (10 bytes, Long) for call to '__aeabi_uldivmod' from system_lpc43xx.o(i.SystemInit_ExtMemCtl).
    Adding TT veneer (10 bytes, Long) for call to 'WaitUs' from system_lpc43xx.o(i.SystemInit_ExtMemCtl).

8 Veneer(s) (total 80 bytes) added to the image.

==============================================================================

Image Symbol Table

    Local Symbols

    Symbol Name                              Value     Ov Type        Size  Object(Section)

    ../clib/microlib/division.c              0x00000000   Number         0  uldiv.o ABSOLUTE
    ../clib/microlib/init/entry.s            0x00000000   Number         0  entry7b.o ABSOLUTE
    ../clib/microlib/init/entry.s            0x00000000   Number         0  entry.o ABSOLUTE
    ../clib/microlib/init/entry.s            0x00000000   Number         0  entry11b.o ABSOLUTE
    ../clib/microlib/init/entry.s            0x00000000   Number         0  entry2.o ABSOLUTE
    ../clib/microlib/init/entry.s            0x00000000   Number         0  entry11a.o ABSOLUTE
    ../clib/microlib/init/entry.s            0x00000000   Number         0  entry10b.o ABSOLUTE
    ../clib/microlib/init/entry.s            0x00000000   Number         0  entry5.o ABSOLUTE
    ../clib/microlib/init/entry.s            0x00000000   Number         0  entry10a.o ABSOLUTE
    ../clib/microlib/init/entry.s            0x00000000   Number         0  entry9b.o ABSOLUTE
    ../clib/microlib/init/entry.s            0x00000000   Number         0  entry9a.o ABSOLUTE
    ../clib/microlib/init/entry.s            0x00000000   Number         0  entry8b.o ABSOLUTE
    ../clib/microlib/init/entry.s            0x00000000   Number         0  entry8a.o ABSOLUTE
    ../clib/microlib/init/entry.s            0x00000000   Number         0  entry7a.o ABSOLUTE
    ../clib/microlib/longlong.c              0x00000000   Number         0  llshl.o ABSOLUTE
    ../clib/microlib/longlong.c              0x00000000   Number         0  llushr.o ABSOLUTE
    GPIO_LPC43xx.c                           0x00000000   Number         0  gpio_lpc43xx.o ABSOLUTE
    GPIO_LPC43xx.c                           0x00000000   Number         0  gpio_lpc43xx.o ABSOLUTE
    LED_lpc43xx.c                            0x00000000   Number         0  led_lpc43xx.o ABSOLUTE
    LED_lpc43xx.c                            0x00000000   Number         0  led_lpc43xx.o ABSOLUTE
    SCU_LPC43xx.c                            0x00000000   Number         0  scu_lpc43xx.o ABSOLUTE
    SCU_LPC43xx.c                            0x00000000   Number         0  scu_lpc43xx.o ABSOLUTE
    dc.s                                     0x00000000   Number         0  dc.o ABSOLUTE
    handlers.s                               0x00000000   Number         0  handlers.o ABSOLUTE
    init.s                                   0x00000000   Number         0  init.o ABSOLUTE
    main.c                                   0x00000000   Number         0  main.o ABSOLUTE
    main.c                                   0x00000000   Number         0  main.o ABSOLUTE
    startup_LPC43xx.s                        0x00000000   Number         0  startup_lpc43xx.o ABSOLUTE
    system_LPC43xx.c                         0x00000000   Number         0  system_lpc43xx.o ABSOLUTE
    system_LPC43xx.c                         0x00000000   Number         0  system_lpc43xx.o ABSOLUTE
    RESET                                    0x1a000000   Section      768  startup_lpc43xx.o(RESET)
    .ARM.Collect$$$$00000000                 0x1a000300   Section        0  entry.o(.ARM.Collect$$$$00000000)
    .ARM.Collect$$$$00000001                 0x1a000300   Section        4  entry2.o(.ARM.Collect$$$$00000001)
    .ARM.Collect$$$$00000004                 0x1a000304   Section        4  entry5.o(.ARM.Collect$$$$00000004)
    .ARM.Collect$$$$00000008                 0x1a000308   Section        0  entry7b.o(.ARM.Collect$$$$00000008)
    .ARM.Collect$$$$0000000A                 0x1a000308   Section        0  entry8b.o(.ARM.Collect$$$$0000000A)
    .ARM.Collect$$$$0000000B                 0x1a000308   Section        8  entry9a.o(.ARM.Collect$$$$0000000B)
    .ARM.Collect$$$$0000000D                 0x1a000310   Section        0  entry10a.o(.ARM.Collect$$$$0000000D)
    .ARM.Collect$$$$0000000F                 0x1a000310   Section        0  entry11a.o(.ARM.Collect$$$$0000000F)
    .ARM.Collect$$$$00002712                 0x1a000310   Section        4  entry2.o(.ARM.Collect$$$$00002712)
    __lit__00000000                          0x1a000310   Data           4  entry2.o(.ARM.Collect$$$$00002712)
    .text                                    0x1a000314   Section        0  uldiv.o(.text)
    .text                                    0x1a000376   Section        0  llushr.o(.text)
    .text                                    0x1a000398   Section       36  init.o(.text)
    i.GPIO_PinWrite                          0x1a0003e4   Section        0  gpio_lpc43xx.o(i.GPIO_PinWrite)
    i.GetClkSel                              0x1a000408   Section        0  system_lpc43xx.o(i.GetClkSel)
    i.LED_Off                                0x1a0004b8   Section        0  led_lpc43xx.o(i.LED_Off)
    i.LED_On                                 0x1a0004e4   Section        0  led_lpc43xx.o(i.LED_On)
    i.SetClock                               0x1a000510   Section        0  system_lpc43xx.o(i.SetClock)
    i.SystemInit                             0x1a00070c   Section        0  system_lpc43xx.o(i.SystemInit)
    i.WaitUs                                 0x1a000758   Section        0  system_lpc43xx.o(i.WaitUs)
    WaitUs                                   0x1a000759   Thumb Code    72  system_lpc43xx.o(i.WaitUs)
    i.__scatterload_copy                     0x1a0007a8   Section       14  handlers.o(i.__scatterload_copy)
    i.__scatterload_null                     0x1a0007b6   Section        2  handlers.o(i.__scatterload_null)
    i.__scatterload_zeroinit                 0x1a0007b8   Section       14  handlers.o(i.__scatterload_zeroinit)
    i.main                                   0x1a0007c8   Section        0  main.o(i.main)
    .constdata                               0x1a00080c   Section       20  system_lpc43xx.o(.constdata)
    .text                                    0x1b000000   Section       36  startup_lpc43xx.o(.text)
    $v0                                      0x1b000000   Number         0  startup_lpc43xx.o(.text)
    .text                                    0x1b000024   Section        0  llshl.o(.text)
    Long Thumb to Thumb Veneer to WaitUs     0x1b000061   Thumb Code    10  anon$$obj.o(Veneer$$Code)
    i.GPIO_PortClock                         0x1b00006c   Section        0  gpio_lpc43xx.o(i.GPIO_PortClock)
    i.GPIO_SetDir                            0x1b0000d4   Section        0  gpio_lpc43xx.o(i.GPIO_SetDir)
    i.GetClockFreq                           0x1b000104   Section        0  system_lpc43xx.o(i.GetClockFreq)
    i.GetPLL1Param                           0x1b0001d4   Section        0  system_lpc43xx.o(i.GetPLL1Param)
    GetPLL1Param                             0x1b0001d5   Thumb Code    68  system_lpc43xx.o(i.GetPLL1Param)
    i.LED_Initialize                         0x1b00021c   Section        0  led_lpc43xx.o(i.LED_Initialize)
    i.SCU_PinConfigure                       0x1b00027c   Section        0  scu_lpc43xx.o(i.SCU_PinConfigure)
    i.SystemCoreClockUpdate                  0x1b0002a4   Section        0  system_lpc43xx.o(i.SystemCoreClockUpdate)
    i.SystemInit_ExtMemCtl                   0x1b0002c4   Section        0  system_lpc43xx.o(i.SystemInit_ExtMemCtl)
    .constdata                               0x1b0007b8   Section       80  led_lpc43xx.o(.constdata)
    LED_GPIO                                 0x1b0007b8   Data          16  led_lpc43xx.o(.constdata)
    LED_PIN                                  0x1b0007c8   Data          64  led_lpc43xx.o(.constdata)
    .data                                    0x20000000   Section        4  system_lpc43xx.o(.data)
    STACK                                    0x20000008   Section      512  startup_lpc43xx.o(STACK)

    Global Symbols

    Symbol Name                              Value     Ov Type        Size  Object(Section)

    BuildAttributes$$THM_ISAv4$E$P$D$K$B$S$7EM$VFPi3$EXTD16$VFPS$VFMA$PE$A:L22UL41UL21$X:L11$S22US41US21$IEEE1$IW$USESV6$~STKCKD$USESV7$~SHL$OSPACE$EBA8$MICROLIB$REQ8$PRES8$EABIv2 0x00000000   Number         0  anon$$obj.o ABSOLUTE
    __ARM_use_no_argv                        0x00000000   Number         0  main.o ABSOLUTE
    __cpp_initialize__aeabi_                  - Undefined Weak Reference
    __cxa_finalize                            - Undefined Weak Reference
    __decompress                              - Undefined Weak Reference
    _clock_init                               - Undefined Weak Reference
    _microlib_exit                            - Undefined Weak Reference
    __Vectors                                0x1a000000   Data           4  startup_lpc43xx.o(RESET)
    __main                                   0x1a000301   Thumb Code     0  entry.o(.ARM.Collect$$$$00000000)
    _main_stk                                0x1a000301   Thumb Code     0  entry2.o(.ARM.Collect$$$$00000001)
    _main_scatterload                        0x1a000305   Thumb Code     0  entry5.o(.ARM.Collect$$$$00000004)
    __main_after_scatterload                 0x1a000309   Thumb Code     0  entry5.o(.ARM.Collect$$$$00000004)
    _main_clock                              0x1a000309   Thumb Code     0  entry7b.o(.ARM.Collect$$$$00000008)
    _main_cpp_init                           0x1a000309   Thumb Code     0  entry8b.o(.ARM.Collect$$$$0000000A)
    _main_init                               0x1a000309   Thumb Code     0  entry9a.o(.ARM.Collect$$$$0000000B)
    __rt_final_cpp                           0x1a000311   Thumb Code     0  entry10a.o(.ARM.Collect$$$$0000000D)
    __rt_final_exit                          0x1a000311   Thumb Code     0  entry11a.o(.ARM.Collect$$$$0000000F)
    __aeabi_uldivmod                         0x1a000315   Thumb Code    98  uldiv.o(.text)
    __aeabi_llsr                             0x1a000377   Thumb Code    32  llushr.o(.text)
    _ll_ushift_r                             0x1a000377   Thumb Code     0  llushr.o(.text)
    __scatterload                            0x1a000399   Thumb Code    28  init.o(.text)
    __scatterload_rt2                        0x1a000399   Thumb Code     0  init.o(.text)
    Long Thumb to Thumb Veneer to __aeabi_llsl 0x1a0003bd   Thumb Code    10  anon$$obj.o(Veneer$$Code)
    Long Thumb to Thumb Veneer to SystemCoreClockUpdate 0x1a0003c7   Thumb Code    10  anon$$obj.o(Veneer$$Code)
    Long Thumb to Thumb Veneer to SystemInit_ExtMemCtl 0x1a0003d1   Thumb Code    10  anon$$obj.o(Veneer$$Code)
    Long Thumb to Thumb Veneer to LED_Initialize 0x1a0003db   Thumb Code    10  anon$$obj.o(Veneer$$Code)
    GPIO_PinWrite                            0x1a0003e5   Thumb Code    30  gpio_lpc43xx.o(i.GPIO_PinWrite)
    GetClkSel                                0x1a000409   Thumb Code   168  system_lpc43xx.o(i.GetClkSel)
    LED_Off                                  0x1a0004b9   Thumb Code    40  led_lpc43xx.o(i.LED_Off)
    LED_On                                   0x1a0004e5   Thumb Code    40  led_lpc43xx.o(i.LED_On)
    SetClock                                 0x1a000511   Thumb Code   458  system_lpc43xx.o(i.SetClock)
    SystemInit                               0x1a00070d   Thumb Code    64  system_lpc43xx.o(i.SystemInit)
    __scatterload_copy                       0x1a0007a9   Thumb Code    14  handlers.o(i.__scatterload_copy)
    __scatterload_null                       0x1a0007b7   Thumb Code     2  handlers.o(i.__scatterload_null)
    __scatterload_zeroinit                   0x1a0007b9   Thumb Code    14  handlers.o(i.__scatterload_zeroinit)
    main                                     0x1a0007c9   Thumb Code    62  main.o(i.main)
    emcdivby2_opc                            0x1a00080c   Data          20  system_lpc43xx.o(.constdata)
    Region$$Table$$Base                      0x1a000820   Number         0  anon$$obj.o(Region$$Table)
    Region$$Table$$Limit                     0x1a000840   Number         0  anon$$obj.o(Region$$Table)
    Reset_Handler                            0x1b000001   Thumb Code     8  startup_lpc43xx.o(.text)
    NMI_Handler                              0x1b000009   Thumb Code     2  startup_lpc43xx.o(.text)
    HardFault_Handler                        0x1b00000b   Thumb Code     2  startup_lpc43xx.o(.text)
    MemManage_Handler                        0x1b00000d   Thumb Code     2  startup_lpc43xx.o(.text)
    BusFault_Handler                         0x1b00000f   Thumb Code     2  startup_lpc43xx.o(.text)
    UsageFault_Handler                       0x1b000011   Thumb Code     2  startup_lpc43xx.o(.text)
    SVC_Handler                              0x1b000013   Thumb Code     2  startup_lpc43xx.o(.text)
    DebugMon_Handler                         0x1b000015   Thumb Code     2  startup_lpc43xx.o(.text)
    PendSV_Handler                           0x1b000017   Thumb Code     2  startup_lpc43xx.o(.text)
    SysTick_Handler                          0x1b000019   Thumb Code     2  startup_lpc43xx.o(.text)
    ADC0_IRQHandler                          0x1b00001b   Thumb Code     0  startup_lpc43xx.o(.text)
    ADC1_IRQHandler                          0x1b00001b   Thumb Code     0  startup_lpc43xx.o(.text)
    ADCHS_IRQHandler                         0x1b00001b   Thumb Code     0  startup_lpc43xx.o(.text)
    ATIMER_IRQHandler                        0x1b00001b   Thumb Code     0  startup_lpc43xx.o(.text)
    C_CAN0_IRQHandler                        0x1b00001b   Thumb Code     0  startup_lpc43xx.o(.text)
    C_CAN1_IRQHandler                        0x1b00001b   Thumb Code     0  startup_lpc43xx.o(.text)
    DAC_IRQHandler                           0x1b00001b   Thumb Code     0  startup_lpc43xx.o(.text)
    DMA_IRQHandler                           0x1b00001b   Thumb Code     0  startup_lpc43xx.o(.text)
    ETHERNET_IRQHandler                      0x1b00001b   Thumb Code     0  startup_lpc43xx.o(.text)
    EVENTROUTER_IRQHandler                   0x1b00001b   Thumb Code     0  startup_lpc43xx.o(.text)
    FLASHEEPROM_IRQHandler                   0x1b00001b   Thumb Code     0  startup_lpc43xx.o(.text)
    GINT0_IRQHandler                         0x1b00001b   Thumb Code     0  startup_lpc43xx.o(.text)
    GINT1_IRQHandler                         0x1b00001b   Thumb Code     0  startup_lpc43xx.o(.text)
    I2C0_IRQHandler                          0x1b00001b   Thumb Code     0  startup_lpc43xx.o(.text)
    I2C1_IRQHandler                          0x1b00001b   Thumb Code     0  startup_lpc43xx.o(.text)
    I2S0_IRQHandler                          0x1b00001b   Thumb Code     0  startup_lpc43xx.o(.text)
    I2S1_IRQHandler                          0x1b00001b   Thumb Code     0  startup_lpc43xx.o(.text)
    LCD_IRQHandler                           0x1b00001b   Thumb Code     0  startup_lpc43xx.o(.text)
    M0APP_IRQHandler                         0x1b00001b   Thumb Code     0  startup_lpc43xx.o(.text)
    M0SUB_IRQHandler                         0x1b00001b   Thumb Code     0  startup_lpc43xx.o(.text)
    MCPWM_IRQHandler                         0x1b00001b   Thumb Code     0  startup_lpc43xx.o(.text)
    PIN_INT0_IRQHandler                      0x1b00001b   Thumb Code     0  startup_lpc43xx.o(.text)
    PIN_INT1_IRQHandler                      0x1b00001b   Thumb Code     0  startup_lpc43xx.o(.text)
    PIN_INT2_IRQHandler                      0x1b00001b   Thumb Code     0  startup_lpc43xx.o(.text)
    PIN_INT3_IRQHandler                      0x1b00001b   Thumb Code     0  startup_lpc43xx.o(.text)
    PIN_INT4_IRQHandler                      0x1b00001b   Thumb Code     0  startup_lpc43xx.o(.text)
    PIN_INT5_IRQHandler                      0x1b00001b   Thumb Code     0  startup_lpc43xx.o(.text)
    PIN_INT6_IRQHandler                      0x1b00001b   Thumb Code     0  startup_lpc43xx.o(.text)
    PIN_INT7_IRQHandler                      0x1b00001b   Thumb Code     0  startup_lpc43xx.o(.text)
    QEI_IRQHandler                           0x1b00001b   Thumb Code     0  startup_lpc43xx.o(.text)
    RITIMER_IRQHandler                       0x1b00001b   Thumb Code     0  startup_lpc43xx.o(.text)
    RTC_IRQHandler                           0x1b00001b   Thumb Code     0  startup_lpc43xx.o(.text)
    SCT_IRQHandler                           0x1b00001b   Thumb Code     0  startup_lpc43xx.o(.text)
    SDIO_IRQHandler                          0x1b00001b   Thumb Code     0  startup_lpc43xx.o(.text)
    SGPIO_IRQHandler                         0x1b00001b   Thumb Code     0  startup_lpc43xx.o(.text)
    SPIFI_IRQHandler                         0x1b00001b   Thumb Code     0  startup_lpc43xx.o(.text)
    SPI_IRQHandler                           0x1b00001b   Thumb Code     0  startup_lpc43xx.o(.text)
    SSP0_IRQHandler                          0x1b00001b   Thumb Code     0  startup_lpc43xx.o(.text)
    SSP1_IRQHandler                          0x1b00001b   Thumb Code     0  startup_lpc43xx.o(.text)
    TIMER0_IRQHandler                        0x1b00001b   Thumb Code     0  startup_lpc43xx.o(.text)
    TIMER1_IRQHandler                        0x1b00001b   Thumb Code     0  startup_lpc43xx.o(.text)
    TIMER2_IRQHandler                        0x1b00001b   Thumb Code     0  startup_lpc43xx.o(.text)
    TIMER3_IRQHandler                        0x1b00001b   Thumb Code     0  startup_lpc43xx.o(.text)
    UART1_IRQHandler                         0x1b00001b   Thumb Code     0  startup_lpc43xx.o(.text)
    USART0_IRQHandler                        0x1b00001b   Thumb Code     0  startup_lpc43xx.o(.text)
    USART2_IRQHandler                        0x1b00001b   Thumb Code     0  startup_lpc43xx.o(.text)
    USART3_IRQHandler                        0x1b00001b   Thumb Code     0  startup_lpc43xx.o(.text)
    USB0_IRQHandler                          0x1b00001b   Thumb Code     0  startup_lpc43xx.o(.text)
    USB1_IRQHandler                          0x1b00001b   Thumb Code     0  startup_lpc43xx.o(.text)
    WWDT_IRQHandler                          0x1b00001b   Thumb Code     0  startup_lpc43xx.o(.text)
    __aeabi_llsl                             0x1b000025   Thumb Code    30  llshl.o(.text)
    _ll_shift_l                              0x1b000025   Thumb Code     0  llshl.o(.text)
    Long Thumb to Thumb Veneer to GetClkSel  0x1b000043   Thumb Code    10  anon$$obj.o(Veneer$$Code)
    Long Thumb to Thumb Veneer to GPIO_PinWrite 0x1b00004d   Thumb Code    10  anon$$obj.o(Veneer$$Code)
    Long Thumb to Thumb Veneer to __aeabi_uldivmod 0x1b000057   Thumb Code    10  anon$$obj.o(Veneer$$Code)
    GPIO_PortClock                           0x1b00006d   Thumb Code    94  gpio_lpc43xx.o(i.GPIO_PortClock)
    GPIO_SetDir                              0x1b0000d5   Thumb Code    44  gpio_lpc43xx.o(i.GPIO_SetDir)
    GetClockFreq                             0x1b000105   Thumb Code   196  system_lpc43xx.o(i.GetClockFreq)
    LED_Initialize                           0x1b00021d   Thumb Code    88  led_lpc43xx.o(i.LED_Initialize)
    SCU_PinConfigure                         0x1b00027d   Thumb Code    34  scu_lpc43xx.o(i.SCU_PinConfigure)
    SystemCoreClockUpdate                    0x1b0002a5   Thumb Code    22  system_lpc43xx.o(i.SystemCoreClockUpdate)
    SystemInit_ExtMemCtl                     0x1b0002c5   Thumb Code  1252  system_lpc43xx.o(i.SystemInit_ExtMemCtl)
    SystemCoreClock                          0x20000000   Data           4  system_lpc43xx.o(.data)
    __initial_sp                             0x20000208   Data           0  startup_lpc43xx.o(STACK)



==============================================================================

Memory Map of the image

  Image Entry point : 0x1a000301

  Load Region LR_IROM1 (Base: 0x1a000000, Size: 0x00000844, Max: 0x00080000, ABSOLUTE)

    Execution Region RW_IRAM1 (Exec base: 0x10000000, Load base: 0x1a000840, Size: 0x00000000, Max: 0x00008000, ABSOLUTE)

    **** No section assigned to this execution region ****


    Execution Region ER_IROM1 (Exec base: 0x1a000000, Load base: 0x1a000000, Size: 0x00000840, Max: 0x00080000, ABSOLUTE)

    Exec Addr    Load Addr    Size         Type   Attr      Idx    E Section Name        Object

    0x1a000000   0x1a000000   0x00000300   Data   RO           59    RESET               startup_lpc43xx.o
    0x1a000300   0x1a000300   0x00000000   Code   RO          325  * .ARM.Collect$$$$00000000  mc_w.l(entry.o)
    0x1a000300   0x1a000300   0x00000004   Code   RO          330    .ARM.Collect$$$$00000001  mc_w.l(entry2.o)
    0x1a000304   0x1a000304   0x00000004   Code   RO          333    .ARM.Collect$$$$00000004  mc_w.l(entry5.o)
    0x1a000308   0x1a000308   0x00000000   Code   RO          335    .ARM.Collect$$$$00000008  mc_w.l(entry7b.o)
    0x1a000308   0x1a000308   0x00000000   Code   RO          337    .ARM.Collect$$$$0000000A  mc_w.l(entry8b.o)
    0x1a000308   0x1a000308   0x00000008   Code   RO          338    .ARM.Collect$$$$0000000B  mc_w.l(entry9a.o)
    0x1a000310   0x1a000310   0x00000000   Code   RO          340    .ARM.Collect$$$$0000000D  mc_w.l(entry10a.o)
    0x1a000310   0x1a000310   0x00000000   Code   RO          342    .ARM.Collect$$$$0000000F  mc_w.l(entry11a.o)
    0x1a000310   0x1a000310   0x00000004   Code   RO          331    .ARM.Collect$$$$00002712  mc_w.l(entry2.o)
    0x1a000314   0x1a000314   0x00000062   Code   RO          328    .text               mc_w.l(uldiv.o)
    0x1a000376   0x1a000376   0x00000020   Code   RO          346    .text               mc_w.l(llushr.o)
    0x1a000396   0x1a000396   0x00000002   PAD
    0x1a000398   0x1a000398   0x00000024   Code   RO          348    .text               mc_w.l(init.o)
    0x1a0003bc   0x1a0003bc   0x0000000a   Ven    RO          358    Veneer$$Code        anon$$obj.o
    0x1a0003c6   0x1a0003c6   0x0000000a   Ven    RO          359    Veneer$$Code        anon$$obj.o
    0x1a0003d0   0x1a0003d0   0x0000000a   Ven    RO          360    Veneer$$Code        anon$$obj.o
    0x1a0003da   0x1a0003da   0x0000000a   Ven    RO          361    Veneer$$Code        anon$$obj.o
    0x1a0003e4   0x1a0003e4   0x00000024   Code   RO          153    i.GPIO_PinWrite     gpio_lpc43xx.o
    0x1a000408   0x1a000408   0x000000b0   Code   RO           67    i.GetClkSel         system_lpc43xx.o
    0x1a0004b8   0x1a0004b8   0x0000002c   Code   RO          211    i.LED_Off           led_lpc43xx.o
    0x1a0004e4   0x1a0004e4   0x0000002c   Code   RO          212    i.LED_On            led_lpc43xx.o
    0x1a000510   0x1a000510   0x000001fc   Code   RO           71    i.SetClock          system_lpc43xx.o
    0x1a00070c   0x1a00070c   0x0000004c   Code   RO           73    i.SystemInit        system_lpc43xx.o
    0x1a000758   0x1a000758   0x00000050   Code   RO           75    i.WaitUs            system_lpc43xx.o
    0x1a0007a8   0x1a0007a8   0x0000000e   Code   RO          352    i.__scatterload_copy  mc_w.l(handlers.o)
    0x1a0007b6   0x1a0007b6   0x00000002   Code   RO          353    i.__scatterload_null  mc_w.l(handlers.o)
    0x1a0007b8   0x1a0007b8   0x0000000e   Code   RO          354    i.__scatterload_zeroinit  mc_w.l(handlers.o)
    0x1a0007c6   0x1a0007c6   0x00000002   PAD
    0x1a0007c8   0x1a0007c8   0x00000044   Code   RO            4    i.main              main.o
    0x1a00080c   0x1a00080c   0x00000014   Data   RO           76    .constdata          system_lpc43xx.o
    0x1a000820   0x1a000820   0x00000020   Data   RO          350    Region$$Table       anon$$obj.o


    Execution Region RW_IRAM2 (Exec base: 0x20000000, Load base: 0x1a000840, Size: 0x00000208, Max: 0x00010000, ABSOLUTE)

    Exec Addr    Load Addr    Size         Type   Attr      Idx    E Section Name        Object

    0x20000000   0x1a000840   0x00000004   Data   RW           77    .data               system_lpc43xx.o
    0x20000004   0x1a000844   0x00000004   PAD
    0x20000008        -       0x00000200   Zero   RW           57    STACK               startup_lpc43xx.o



  Load Region LR_IROM2 (Base: 0x1b000000, Size: 0x00000808, Max: 0x00080000, ABSOLUTE)

    Execution Region ER_IROM2 (Exec base: 0x1b000000, Load base: 0x1b000000, Size: 0x00000808, Max: 0x00080000, ABSOLUTE)

    Exec Addr    Load Addr    Size         Type   Attr      Idx    E Section Name        Object

    0x1b000000   0x1b000000   0x00000024   Code   RO           60    .text               startup_lpc43xx.o
    0x1b000024   0x1b000024   0x0000001e   Code   RO          344    .text               mc_w.l(llshl.o)
    0x1b000042   0x1b000042   0x0000000a   Ven    RO          362    Veneer$$Code        anon$$obj.o
    0x1b00004c   0x1b00004c   0x0000000a   Ven    RO          363    Veneer$$Code        anon$$obj.o
    0x1b000056   0x1b000056   0x0000000a   Ven    RO          364    Veneer$$Code        anon$$obj.o
    0x1b000060   0x1b000060   0x0000000a   Ven    RO          365    Veneer$$Code        anon$$obj.o
    0x1b00006a   0x1b00006a   0x00000002   PAD
    0x1b00006c   0x1b00006c   0x00000068   Code   RO          154    i.GPIO_PortClock    gpio_lpc43xx.o
    0x1b0000d4   0x1b0000d4   0x00000030   Code   RO          157    i.GPIO_SetDir       gpio_lpc43xx.o
    0x1b000104   0x1b000104   0x000000d0   Code   RO           68    i.GetClockFreq      system_lpc43xx.o
    0x1b0001d4   0x1b0001d4   0x00000048   Code   RO           69    i.GetPLL1Param      system_lpc43xx.o
    0x1b00021c   0x1b00021c   0x00000060   Code   RO          210    i.LED_Initialize    led_lpc43xx.o
    0x1b00027c   0x1b00027c   0x00000028   Code   RO          272    i.SCU_PinConfigure  scu_lpc43xx.o
    0x1b0002a4   0x1b0002a4   0x00000020   Code   RO           72    i.SystemCoreClockUpdate  system_lpc43xx.o
    0x1b0002c4   0x1b0002c4   0x000004f4   Code   RO           74    i.SystemInit_ExtMemCtl  system_lpc43xx.o
    0x1b0007b8   0x1b0007b8   0x00000050   Data   RO          215    .constdata          led_lpc43xx.o


==============================================================================

Image component sizes


      Code (inc. data)   RO Data    RW Data    ZI Data      Debug   Object Name

       188         20          0          0          0       2039   gpio_lpc43xx.o
       184         16         80          0          0       4412   led_lpc43xx.o
        68          6          0          0          0       5087   main.o
        40          6          0          0          0        639   scu_lpc43xx.o
        36          8        768          0        512        784   startup_lpc43xx.o
      2420        224         20          4          0       8194   system_lpc43xx.o

    ----------------------------------------------------------------------
      3018        280        900          4        516      21155   Object Totals
        80          0         32          0          0          0   (incl. Generated)
         2          0          0          0          4          0   (incl. Padding)

    ----------------------------------------------------------------------

      Code (inc. data)   RO Data    RW Data    ZI Data      Debug   Library Member Name

         0          0          0          0          0          0   entry.o
         0          0          0          0          0          0   entry10a.o
         0          0          0          0          0          0   entry11a.o
         8          4          0          0          0          0   entry2.o
         4          0          0          0          0          0   entry5.o
         0          0          0          0          0          0   entry7b.o
         0          0          0          0          0          0   entry8b.o
         8          4          0          0          0          0   entry9a.o
        30          0          0          0          0          0   handlers.o
        36          8          0          0          0         68   init.o
        30          0          0          0          0         68   llshl.o
        32          0          0          0          0         68   llushr.o
        98          0          0          0          0         92   uldiv.o

    ----------------------------------------------------------------------
       250         16          0          0          0        296   Library Totals
         4          0          0          0          0          0   (incl. Padding)

    ----------------------------------------------------------------------

      Code (inc. data)   RO Data    RW Data    ZI Data      Debug   Library Name

       246         16          0          0          0        296   mc_w.l

    ----------------------------------------------------------------------
       250         16          0          0          0        296   Library Totals

    ----------------------------------------------------------------------

==============================================================================


      Code (inc. data)   RO Data    RW Data    ZI Data      Debug   

      3268        296        900          4        516      20203   Grand Totals
      3268        296        900          4        516      20203   ELF Image Totals
      3268        296        900          4          0          0   ROM Totals

==============================================================================

    Total RO  Size (Code + RO Data)                 4168 (   4.07kB)
    Total RW  Size (RW Data + ZI Data)               520 (   0.51kB)
    Total ROM Size (Code + RO Data + RW Data)       4172 (   4.07kB)

==============================================================================

